Archive member included to satisfy reference by file (symbol)

d:/iti_9m_diploma/arm_iti/tools/arm gcc/bin/../lib/gcc/arm-none-eabi/5.4.1/../../../../arm-none-eabi/lib/armv7e-m\libg_nano.a(lib_a-errno.o)
                              ./system/src/newlib/_sbrk.o (__errno)
d:/iti_9m_diploma/arm_iti/tools/arm gcc/bin/../lib/gcc/arm-none-eabi/5.4.1/../../../../arm-none-eabi/lib/armv7e-m\libg_nano.a(lib_a-impure.o)
                              d:/iti_9m_diploma/arm_iti/tools/arm gcc/bin/../lib/gcc/arm-none-eabi/5.4.1/../../../../arm-none-eabi/lib/armv7e-m\libg_nano.a(lib_a-errno.o) (_impure_ptr)
d:/iti_9m_diploma/arm_iti/tools/arm gcc/bin/../lib/gcc/arm-none-eabi/5.4.1/../../../../arm-none-eabi/lib/armv7e-m\libg_nano.a(lib_a-strlen.o)
                              ./system/src/diag/Trace.o (strlen)
d:/iti_9m_diploma/arm_iti/tools/arm gcc/bin/../lib/gcc/arm-none-eabi/5.4.1/../../../../arm-none-eabi/lib/armv7e-m\libg_nano.a(lib_a-vsnprintf.o)
                              ./system/src/diag/Trace.o (vsnprintf)
d:/iti_9m_diploma/arm_iti/tools/arm gcc/bin/../lib/gcc/arm-none-eabi/5.4.1/../../../../arm-none-eabi/lib/armv7e-m\libg_nano.a(lib_a-nano-svfprintf.o)
                              d:/iti_9m_diploma/arm_iti/tools/arm gcc/bin/../lib/gcc/arm-none-eabi/5.4.1/../../../../arm-none-eabi/lib/armv7e-m\libg_nano.a(lib_a-vsnprintf.o) (_svfprintf_r)
d:/iti_9m_diploma/arm_iti/tools/arm gcc/bin/../lib/gcc/arm-none-eabi/5.4.1/../../../../arm-none-eabi/lib/armv7e-m\libg_nano.a(lib_a-nano-vfprintf_i.o)
                              d:/iti_9m_diploma/arm_iti/tools/arm gcc/bin/../lib/gcc/arm-none-eabi/5.4.1/../../../../arm-none-eabi/lib/armv7e-m\libg_nano.a(lib_a-nano-svfprintf.o) (_printf_i)
d:/iti_9m_diploma/arm_iti/tools/arm gcc/bin/../lib/gcc/arm-none-eabi/5.4.1/../../../../arm-none-eabi/lib/armv7e-m\libg_nano.a(lib_a-memchr.o)
                              d:/iti_9m_diploma/arm_iti/tools/arm gcc/bin/../lib/gcc/arm-none-eabi/5.4.1/../../../../arm-none-eabi/lib/armv7e-m\libg_nano.a(lib_a-nano-svfprintf.o) (memchr)
d:/iti_9m_diploma/arm_iti/tools/arm gcc/bin/../lib/gcc/arm-none-eabi/5.4.1/../../../../arm-none-eabi/lib/armv7e-m\libg_nano.a(lib_a-memcpy-stub.o)
                              d:/iti_9m_diploma/arm_iti/tools/arm gcc/bin/../lib/gcc/arm-none-eabi/5.4.1/../../../../arm-none-eabi/lib/armv7e-m\libg_nano.a(lib_a-nano-svfprintf.o) (memcpy)
d:/iti_9m_diploma/arm_iti/tools/arm gcc/bin/../lib/gcc/arm-none-eabi/5.4.1/../../../../arm-none-eabi/lib/armv7e-m\libg_nano.a(lib_a-memmove.o)
                              d:/iti_9m_diploma/arm_iti/tools/arm gcc/bin/../lib/gcc/arm-none-eabi/5.4.1/../../../../arm-none-eabi/lib/armv7e-m\libg_nano.a(lib_a-nano-svfprintf.o) (memmove)
d:/iti_9m_diploma/arm_iti/tools/arm gcc/bin/../lib/gcc/arm-none-eabi/5.4.1/../../../../arm-none-eabi/lib/armv7e-m\libg_nano.a(lib_a-nano-freer.o)
                              d:/iti_9m_diploma/arm_iti/tools/arm gcc/bin/../lib/gcc/arm-none-eabi/5.4.1/../../../../arm-none-eabi/lib/armv7e-m\libg_nano.a(lib_a-nano-svfprintf.o) (_free_r)
d:/iti_9m_diploma/arm_iti/tools/arm gcc/bin/../lib/gcc/arm-none-eabi/5.4.1/../../../../arm-none-eabi/lib/armv7e-m\libg_nano.a(lib_a-nano-mallocr.o)
                              d:/iti_9m_diploma/arm_iti/tools/arm gcc/bin/../lib/gcc/arm-none-eabi/5.4.1/../../../../arm-none-eabi/lib/armv7e-m\libg_nano.a(lib_a-nano-svfprintf.o) (_malloc_r)
d:/iti_9m_diploma/arm_iti/tools/arm gcc/bin/../lib/gcc/arm-none-eabi/5.4.1/../../../../arm-none-eabi/lib/armv7e-m\libg_nano.a(lib_a-nano-reallocr.o)
                              d:/iti_9m_diploma/arm_iti/tools/arm gcc/bin/../lib/gcc/arm-none-eabi/5.4.1/../../../../arm-none-eabi/lib/armv7e-m\libg_nano.a(lib_a-nano-svfprintf.o) (_realloc_r)
d:/iti_9m_diploma/arm_iti/tools/arm gcc/bin/../lib/gcc/arm-none-eabi/5.4.1/../../../../arm-none-eabi/lib/armv7e-m\libg_nano.a(lib_a-sbrkr.o)
                              d:/iti_9m_diploma/arm_iti/tools/arm gcc/bin/../lib/gcc/arm-none-eabi/5.4.1/../../../../arm-none-eabi/lib/armv7e-m\libg_nano.a(lib_a-nano-mallocr.o) (_sbrk_r)
d:/iti_9m_diploma/arm_iti/tools/arm gcc/bin/../lib/gcc/arm-none-eabi/5.4.1/../../../../arm-none-eabi/lib/armv7e-m\libg_nano.a(lib_a-mlock.o)
                              d:/iti_9m_diploma/arm_iti/tools/arm gcc/bin/../lib/gcc/arm-none-eabi/5.4.1/../../../../arm-none-eabi/lib/armv7e-m\libg_nano.a(lib_a-nano-freer.o) (__malloc_lock)
d:/iti_9m_diploma/arm_iti/tools/arm gcc/bin/../lib/gcc/arm-none-eabi/5.4.1/../../../../arm-none-eabi/lib/armv7e-m\libg_nano.a(lib_a-nano-msizer.o)
                              d:/iti_9m_diploma/arm_iti/tools/arm gcc/bin/../lib/gcc/arm-none-eabi/5.4.1/../../../../arm-none-eabi/lib/armv7e-m\libg_nano.a(lib_a-nano-reallocr.o) (_malloc_usable_size_r)

Allocating common symbols
Common symbol       size              file

errno               0x4               ./system/src/newlib/_syscalls.o

Discarded input sections

 .group         0x00000000        0x8 ./system/src/newlib/_cxx.o
[...]
Memory Configuration

Name             Origin             Length             Attributes
YOUSEF           0x20002800         0x00000004
RAM              0x20000000         0x00010000         xrw
CCMRAM           0x10000000         0x00000000         xrw
FLASH            0x08000000         0x00040000         xr
FLASHB1          0x00000000         0x00000000         xr
EXTMEMB0         0x00000000         0x00000000         xr
EXTMEMB1         0x00000000         0x00000000         xr
EXTMEMB2         0x00000000         0x00000000         xr
EXTMEMB3         0x00000000         0x00000000         xr
*default*        0x00000000         0xffffffff

Linker script and memory map

LOAD ./system/src/newlib/_cxx.o
LOAD ./system/src/newlib/_exit.o
LOAD ./system/src/newlib/_sbrk.o
LOAD ./system/src/newlib/_startup.o
LOAD ./system/src/newlib/_syscalls.o
LOAD ./system/src/newlib/assert.o
LOAD ./system/src/diag/Trace.o
LOAD ./system/src/diag/trace_impl.o
LOAD ./system/src/cortexm/_initialize_hardware.o
LOAD ./system/src/cortexm/_reset_hardware.o
LOAD ./system/src/cortexm/exception_handlers.o
LOAD ./system/src/cmsis/system_stm32f4xx.o
LOAD ./system/src/cmsis/vectors_stm32f401xc.o
LOAD ./src/main.o
LOAD ./src/print.o
LOAD d:/iti_9m_diploma/arm_iti/tools/arm gcc/bin/../lib/gcc/arm-none-eabi/5.4.1/../../../../arm-none-eabi/lib/armv7e-m\libstdc++_nano.a
LOAD d:/iti_9m_diploma/arm_iti/tools/arm gcc/bin/../lib/gcc/arm-none-eabi/5.4.1/../../../../arm-none-eabi/lib/armv7e-m\libm.a
START GROUP
LOAD d:/iti_9m_diploma/arm_iti/tools/arm gcc/bin/../lib/gcc/arm-none-eabi/5.4.1/armv7e-m\libgcc.a
LOAD d:/iti_9m_diploma/arm_iti/tools/arm gcc/bin/../lib/gcc/arm-none-eabi/5.4.1/../../../../arm-none-eabi/lib/armv7e-m\libg_nano.a
LOAD d:/iti_9m_diploma/arm_iti/tools/arm gcc/bin/../lib/gcc/arm-none-eabi/5.4.1/../../../../arm-none-eabi/lib/armv7e-m\libc_nano.a
END GROUP
START GROUP
LOAD d:/iti_9m_diploma/arm_iti/tools/arm gcc/bin/../lib/gcc/arm-none-eabi/5.4.1/armv7e-m\libgcc.a
LOAD d:/iti_9m_diploma/arm_iti/tools/arm gcc/bin/../lib/gcc/arm-none-eabi/5.4.1/../../../../arm-none-eabi/lib/armv7e-m\libc_nano.a
END GROUP
                0x20010000                __stack = (ORIGIN (RAM) + LENGTH (RAM))
                0x20010000                _estack = __stack
                0x00000400                __Main_Stack_Size = 0x400
                [!provide]                PROVIDE (_Main_Stack_Size, __Main_Stack_Size)
                0x2000fc00                __Main_Stack_Limit = (__stack - __Main_Stack_Size)
                [!provide]                PROVIDE (_Main_Stack_Limit, __Main_Stack_Limit)
                0x00000100                _Minimum_Stack_Size = 0x100
                0x20000120                PROVIDE (_Heap_Begin, _end_noinit)
                0x2000fc00                PROVIDE (_Heap_Limit, (__stack - __Main_Stack_Size))

.isr_vector     0x08000000      0x3cc
 FILL mask 0xff
                0x08000000                __vectors_start = ABSOLUTE (.)
                0x08000000                __vectors_start__ = ABSOLUTE (.)
 *(.isr_vector)
 .isr_vector    0x08000000      0x194 ./system/src/cmsis/vectors_stm32f401xc.o
                0x08000000                __isr_vectors
 *(.cfmconfig)
 *(.after_vectors .after_vectors.*)
 .after_vectors
                0x08000194      0x104 ./system/src/newlib/_startup.o
                0x08000194                _start
 .after_vectors
                0x08000298      0x130 ./system/src/cortexm/exception_handlers.o
                0x08000298                Reset_Handler
                0x080002a0                NMI_Handler
                0x080002a4                HardFault_Handler
                0x080002b8                HardFault_Handler_C
                0x08000318                MemManage_Handler
                0x0800031c                BusFault_Handler
                0x08000330                BusFault_Handler_C
                0x08000364                UsageFault_Handler
                0x08000378                UsageFault_Handler_C
                0x080003ac                SVC_Handler
                0x080003b0                DebugMon_Handler
                0x080003b4                PendSV_Handler
                0x080003b8                SysTick_Handler
 .after_vectors
                0x080003c8        0x4 ./system/src/cmsis/vectors_stm32f401xc.o
                0x080003c8                RTC_Alarm_IRQHandler
                0x080003c8                EXTI2_IRQHandler
                0x080003c8                SPI4_IRQHandler
                0x080003c8                TIM1_CC_IRQHandler
                0x080003c8                DMA2_Stream5_IRQHandler
                0x080003c8                DMA1_Stream5_IRQHandler
                0x080003c8                PVD_IRQHandler
                0x080003c8                SDIO_IRQHandler
                0x080003c8                TAMP_STAMP_IRQHandler
                0x080003c8                EXTI3_IRQHandler
                0x080003c8                TIM1_UP_TIM10_IRQHandler
                0x080003c8                I2C3_ER_IRQHandler
                0x080003c8                EXTI0_IRQHandler
                0x080003c8                I2C2_EV_IRQHandler
                0x080003c8                DMA1_Stream2_IRQHandler
                0x080003c8                FPU_IRQHandler
                0x080003c8                DMA2_Stream2_IRQHandler
                0x080003c8                SPI1_IRQHandler
                0x080003c8                TIM1_BRK_TIM9_IRQHandler
                0x080003c8                DMA2_Stream3_IRQHandler
                0x080003c8                USART6_IRQHandler
                0x080003c8                DMA2_Stream0_IRQHandler
                0x080003c8                TIM4_IRQHandler
                0x080003c8                I2C1_EV_IRQHandler
                0x080003c8                DMA1_Stream6_IRQHandler
                0x080003c8                DMA1_Stream1_IRQHandler
                0x080003c8                TIM3_IRQHandler
                0x080003c8                RCC_IRQHandler
                0x080003c8                Default_Handler
                0x080003c8                EXTI15_10_IRQHandler
                0x080003c8                ADC_IRQHandler
                0x080003c8                DMA1_Stream7_IRQHandler
                0x080003c8                TIM5_IRQHandler
                0x080003c8                DMA2_Stream7_IRQHandler
                0x080003c8                I2C3_EV_IRQHandler
                0x080003c8                EXTI9_5_IRQHandler
                0x080003c8                RTC_WKUP_IRQHandler
                0x080003c8                SPI2_IRQHandler
                0x080003c8                DMA1_Stream0_IRQHandler
                0x080003c8                EXTI4_IRQHandler
                0x080003c8                WWDG_IRQHandler
                0x080003c8                TIM2_IRQHandler
                0x080003c8                OTG_FS_WKUP_IRQHandler
                0x080003c8                TIM1_TRG_COM_TIM11_IRQHandler
                0x080003c8                EXTI1_IRQHandler
                0x080003c8                USART2_IRQHandler
                0x080003c8                I2C2_ER_IRQHandler
                0x080003c8                DMA2_Stream1_IRQHandler
                0x080003c8                FLASH_IRQHandler
                0x080003c8                DMA2_Stream4_IRQHandler
                0x080003c8                USART1_IRQHandler
                0x080003c8                OTG_FS_IRQHandler
                0x080003c8                SPI3_IRQHandler
                0x080003c8                DMA1_Stream4_IRQHandler
                0x080003c8                I2C1_ER_IRQHandler
                0x080003c8                DMA2_Stream6_IRQHandler
                0x080003c8                DMA1_Stream3_IRQHandler

.inits          0x080003cc       0x28
                0x080003cc                __data_regions_array_start = .
                0x080003cc        0x4 LONG 0x8001258 LOADADDR (.data)
                0x080003d0        0x4 LONG 0x20000000 ADDR (.data)
                0x080003d4        0x4 LONG 0x20000080 (ADDR (.data) + SIZEOF (.data))
                0x080003d8        0x4 LONG 0x8001258 LOADADDR (.data_CCMRAM)
                0x080003dc        0x4 LONG 0x10000000 ADDR (.data_CCMRAM)
                0x080003e0        0x4 LONG 0x10000000 (ADDR (.data_CCMRAM) + SIZEOF (.data_CCMRAM))
                0x080003e4                __data_regions_array_end = .
                0x080003e4                __bss_regions_array_start = .
                0x080003e4        0x4 LONG 0x20000080 ADDR (.bss)
                0x080003e8        0x4 LONG 0x20000120 (ADDR (.bss) + SIZEOF (.bss))
                0x080003ec        0x4 LONG 0x10000000 ADDR (.bss_CCMRAM)
                0x080003f0        0x4 LONG 0x10000000 (ADDR (.bss_CCMRAM) + SIZEOF (.bss_CCMRAM))
                0x080003f4                __bss_regions_array_end = .
 *(.init)
 *(.fini)
                0x080003f4                . = ALIGN (0x4)
                0x080003f4                PROVIDE (__preinit_array_start, .)
 *(.preinit_array_sysinit .preinit_array_sysinit.*)
 *(.preinit_array_platform .preinit_array_platform.*)
 *(.preinit_array .preinit_array.*)
                0x080003f4                PROVIDE (__preinit_array_end, .)
                0x080003f4                . = ALIGN (0x4)
                0x080003f4                PROVIDE (__init_array_start, .)
 *(SORT(.init_array.*))
 *(.init_array)
                0x080003f4                PROVIDE (__init_array_end, .)
                0x080003f4                . = ALIGN (0x4)
                0x080003f4                PROVIDE (__fini_array_start, .)
 *(SORT(.fini_array.*))
 *(.fini_array)
                0x080003f4                PROVIDE (__fini_array_end, .)

.flashtext
 *(.flashtext .flashtext.*)

.text           0x08000400      0xe57
 *(.text .text.*)
 .text._exit    0x08000400        0x4 ./system/src/newlib/_exit.o
                0x08000400                _exit
 .text._sbrk    0x08000404       0x44 ./system/src/newlib/_sbrk.o
                0x08000404                _sbrk
 .text.__initialize_args
                0x08000448       0x10 ./system/src/newlib/_syscalls.o
                0x08000448                __initialize_args
 .text.trace_printf
                0x08000458       0x30 ./system/src/diag/Trace.o
                0x08000458                trace_printf
 .text._trace_write_semihosting_debug
                0x08000488       0x64 ./system/src/diag/trace_impl.o
 .text.trace_write
                0x080004ec        0x8 ./system/src/diag/trace_impl.o
                0x080004ec                trace_write
 .text.__initialize_hardware_early
                0x080004f4       0x18 ./system/src/cortexm/_initialize_hardware.o
                0x080004f4                __initialize_hardware_early
 .text.__initialize_hardware
                0x0800050c        0x8 ./system/src/cortexm/_initialize_hardware.o
                0x0800050c                __initialize_hardware
 .text.dumpExceptionStack
                0x08000514       0xf0 ./system/src/cortexm/exception_handlers.o
                0x08000514                dumpExceptionStack
 .text.isSemihosting
                0x08000604       0x20 ./system/src/cortexm/exception_handlers.o
                0x08000604                isSemihosting
 .text.SystemInit
                0x08000624       0x40 ./system/src/cmsis/system_stm32f4xx.o
                0x08000624                SystemInit
 .text.SystemCoreClockUpdate
                0x08000664       0xa0 ./system/src/cmsis/system_stm32f4xx.o
                0x08000664                SystemCoreClockUpdate
 .text.Yousef   0x08000704       0x7c ./src/main.o
                0x08000704                Yousef
 .text.print_var
                0x08000780       0x10 ./src/print.o
                0x08000780                print_var
 .text.__errno  0x08000790        0xc d:/iti_9m_diploma/arm_iti/tools/arm gcc/bin/../lib/gcc/arm-none-eabi/5.4.1/../../../../arm-none-eabi/lib/armv7e-m\libg_nano.a(lib_a-errno.o)
                0x08000790                __errno
 .text._vsnprintf_r
                0x0800079c       0x56 d:/iti_9m_diploma/arm_iti/tools/arm gcc/bin/../lib/gcc/arm-none-eabi/5.4.1/../../../../arm-none-eabi/lib/armv7e-m\libg_nano.a(lib_a-vsnprintf.o)
                0x0800079c                _vsniprintf_r
                0x0800079c                _vsnprintf_r
 *fill*         0x080007f2        0x2 
 .text.vsnprintf
                0x080007f4       0x1c d:/iti_9m_diploma/arm_iti/tools/arm gcc/bin/../lib/gcc/arm-none-eabi/5.4.1/../../../../arm-none-eabi/lib/armv7e-m\libg_nano.a(lib_a-vsnprintf.o)
                0x080007f4                vsniprintf
                0x080007f4                vsnprintf
 .text.__ssputs_r
                0x08000810       0xb2 d:/iti_9m_diploma/arm_iti/tools/arm gcc/bin/../lib/gcc/arm-none-eabi/5.4.1/../../../../arm-none-eabi/lib/armv7e-m\libg_nano.a(lib_a-nano-svfprintf.o)
                0x08000810                __ssputs_r
 *fill*         0x080008c2        0x2 
 .text._svfprintf_r
                0x080008c4      0x1e8 d:/iti_9m_diploma/arm_iti/tools/arm gcc/bin/../lib/gcc/arm-none-eabi/5.4.1/../../../../arm-none-eabi/lib/armv7e-m\libg_nano.a(lib_a-nano-svfprintf.o)
                0x080008c4                _svfiprintf_r
                0x080008c4                _svfprintf_r
 .text._printf_common
                0x08000aac       0xec d:/iti_9m_diploma/arm_iti/tools/arm gcc/bin/../lib/gcc/arm-none-eabi/5.4.1/../../../../arm-none-eabi/lib/armv7e-m\libg_nano.a(lib_a-nano-vfprintf_i.o)
                0x08000aac                _printf_common
 .text._printf_i
                0x08000b98      0x24c d:/iti_9m_diploma/arm_iti/tools/arm gcc/bin/../lib/gcc/arm-none-eabi/5.4.1/../../../../arm-none-eabi/lib/armv7e-m\libg_nano.a(lib_a-nano-vfprintf_i.o)
                0x08000b98                _printf_i
 *fill*         0x08000de4        0xc 
 .text          0x08000df0       0xa0 d:/iti_9m_diploma/arm_iti/tools/arm gcc/bin/../lib/gcc/arm-none-eabi/5.4.1/../../../../arm-none-eabi/lib/armv7e-m\libg_nano.a(lib_a-memchr.o)
                0x08000df0                memchr
 .text.memcpy   0x08000e90       0x16 d:/iti_9m_diploma/arm_iti/tools/arm gcc/bin/../lib/gcc/arm-none-eabi/5.4.1/../../../../arm-none-eabi/lib/armv7e-m\libg_nano.a(lib_a-memcpy-stub.o)
                0x08000e90                memcpy
 .text.memmove  0x08000ea6       0x36 d:/iti_9m_diploma/arm_iti/tools/arm gcc/bin/../lib/gcc/arm-none-eabi/5.4.1/../../../../arm-none-eabi/lib/armv7e-m\libg_nano.a(lib_a-memmove.o)
                0x08000ea6                memmove
 .text._free_r  0x08000edc       0x9c d:/iti_9m_diploma/arm_iti/tools/arm gcc/bin/../lib/gcc/arm-none-eabi/5.4.1/../../../../arm-none-eabi/lib/armv7e-m\libg_nano.a(lib_a-nano-freer.o)
                0x08000edc                _free_r
 .text._malloc_r
                0x08000f78       0xbc d:/iti_9m_diploma/arm_iti/tools/arm gcc/bin/../lib/gcc/arm-none-eabi/5.4.1/../../../../arm-none-eabi/lib/armv7e-m\libg_nano.a(lib_a-nano-mallocr.o)
                0x08000f78                _malloc_r
 .text._realloc_r
                0x08001034       0x4c d:/iti_9m_diploma/arm_iti/tools/arm gcc/bin/../lib/gcc/arm-none-eabi/5.4.1/../../../../arm-none-eabi/lib/armv7e-m\libg_nano.a(lib_a-nano-reallocr.o)
                0x08001034                _realloc_r
 .text._sbrk_r  0x08001080       0x20 d:/iti_9m_diploma/arm_iti/tools/arm gcc/bin/../lib/gcc/arm-none-eabi/5.4.1/../../../../arm-none-eabi/lib/armv7e-m\libg_nano.a(lib_a-sbrkr.o)
                0x08001080                _sbrk_r
 .text.__malloc_lock
                0x080010a0        0x2 d:/iti_9m_diploma/arm_iti/tools/arm gcc/bin/../lib/gcc/arm-none-eabi/5.4.1/../../../../arm-none-eabi/lib/armv7e-m\libg_nano.a(lib_a-mlock.o)
                0x080010a0                __malloc_lock
 .text.__malloc_unlock
                0x080010a2        0x2 d:/iti_9m_diploma/arm_iti/tools/arm gcc/bin/../lib/gcc/arm-none-eabi/5.4.1/../../../../arm-none-eabi/lib/armv7e-m\libg_nano.a(lib_a-mlock.o)
                0x080010a2                __malloc_unlock
 .text._malloc_usable_size_r
                0x080010a4       0x14 d:/iti_9m_diploma/arm_iti/tools/arm gcc/bin/../lib/gcc/arm-none-eabi/5.4.1/../../../../arm-none-eabi/lib/armv7e-m\libg_nano.a(lib_a-nano-msizer.o)
                0x080010a4                _malloc_usable_size_r
 *(.rodata .rodata.* .constdata .constdata.*)
 .rodata.str1.4
                0x080010b8      0x146 ./system/src/cortexm/exception_handlers.o
 *fill*         0x080011fe        0x2 
 .rodata.AHBPrescTable
                0x08001200       0x10 ./system/src/cmsis/system_stm32f4xx.o
                0x08001200                AHBPrescTable
 .rodata.MyVarConst
                0x08001210        0x4 ./src/main.o
                0x08001210                MyVarConst
 .rodata.Local_c.3723
                0x08001214        0x4 ./src/main.o
 .rodata.str1.4
                0x08001218        0xc ./src/print.o
                                  0x9 (size before relaxing)
 .rodata.str1.1
                0x08001224       0x11 d:/iti_9m_diploma/arm_iti/tools/arm gcc/bin/../lib/gcc/arm-none-eabi/5.4.1/../../../../arm-none-eabi/lib/armv7e-m\libg_nano.a(lib_a-nano-svfprintf.o)
 .rodata.str1.1
                0x08001235       0x22 d:/iti_9m_diploma/arm_iti/tools/arm gcc/bin/../lib/gcc/arm-none-eabi/5.4.1/../../../../arm-none-eabi/lib/armv7e-m\libg_nano.a(lib_a-nano-vfprintf_i.o)
 *(vtable)
 *(.eh_frame*)
 *(.glue_7)
 .glue_7        0x08001257        0x0 linker stubs
 *(.glue_7t)
 .glue_7t       0x08001257        0x0 linker stubs

.vfp11_veneer   0x08001258        0x0
 .vfp11_veneer  0x08001258        0x0 linker stubs

.v4_bx          0x08001258        0x0
 .v4_bx         0x08001258        0x0 linker stubs

.iplt           0x08001258        0x0
 .iplt          0x08001258        0x0 ./system/src/newlib/_cxx.o

.rel.dyn        0x08001258        0x0
 .rel.iplt      0x08001258        0x0 ./system/src/newlib/_cxx.o

.ARM.extab
 *(.ARM.extab* .gnu.linkonce.armextab.*)
                0x08001258                . = ALIGN (0x4)
                0x08001258                __exidx_start = .

.ARM.exidx
 *(.ARM.exidx* .gnu.linkonce.armexidx.*)
                0x08001258                __exidx_end = .
                0x08001258                . = ALIGN (0x4)
                0x08001258                _etext = .
                0x08001258                __etext = .

.data_CCMRAM    0x10000000        0x0 load address 0x08001258
 FILL mask 0xff
 *(.data.CCMRAM .data.CCMRAM.*)
                0x10000000                . = ALIGN (0x4)
                0x08001258                _sidata = LOADADDR (.data)

.data           0x20000000       0x80 load address 0x08001258
 FILL mask 0xff
                0x20000000                _sdata = .
                0x20000000                __data_start__ = .
 *(.data_begin .data_begin.*)
 .data_begin    0x20000000        0x4 ./system/src/newlib/_startup.o
 *(.data .data.*)
 .data.argv.4290
                0x20000004        0x8 ./system/src/newlib/_syscalls.o
 .data.SystemCoreClock
                0x2000000c        0x4 ./system/src/cmsis/system_stm32f4xx.o
                0x2000000c                SystemCoreClock
 .data.Local_b.3722
                0x20000010        0x4 ./src/main.o
 .data.MyVarInit
                0x20000014        0x4 ./src/main.o
                0x20000014                MyVarInit
 .data.impure_data
                0x20000018       0x60 d:/iti_9m_diploma/arm_iti/tools/arm gcc/bin/../lib/gcc/arm-none-eabi/5.4.1/../../../../arm-none-eabi/lib/armv7e-m\libg_nano.a(lib_a-impure.o)
 .data._impure_ptr
                0x20000078        0x4 d:/iti_9m_diploma/arm_iti/tools/arm gcc/bin/../lib/gcc/arm-none-eabi/5.4.1/../../../../arm-none-eabi/lib/armv7e-m\libg_nano.a(lib_a-impure.o)
                0x20000078                _impure_ptr
 *(.data_end .data_end.*)
 .data_end      0x2000007c        0x4 ./system/src/newlib/_startup.o
                0x20000080                . = ALIGN (0x4)
                0x20000080                _edata = .
                0x20000080                __data_end__ = .

.igot.plt       0x20000080        0x0 load address 0x080012d8
 .igot.plt      0x20000080        0x0 ./system/src/newlib/_cxx.o

.my_section     0x20002800        0x4
                0x20002800                _my_section_start = .
 *(.my_section .my_section.*)
 .my_section    0x20002800        0x4 ./src/main.o
                0x20002800                MyVarNotInit
                0x20002804                _my_section_end = .

.bss_CCMRAM     0x10000000        0x0
 *(.bss.CCMRAM .bss.CCMRAM.*)

.bss            0x20000080       0xa0
                0x20000080                __bss_start__ = .
                0x20000080                _sbss = .
 *(.bss_begin .bss_begin.*)
 .bss_begin     0x20000080        0x4 ./system/src/newlib/_startup.o
 *(.bss .bss.*)
 .bss.current_heap_end.3974
                0x20000084        0x4 ./system/src/newlib/_sbrk.o
 .bss.name.4289
                0x20000088        0x1 ./system/src/newlib/_syscalls.o
 *fill*         0x20000089        0x3 
 .bss.buf.5179  0x2000008c       0x80 ./system/src/diag/Trace.o
 .bss.Local_a.3721
                0x2000010c        0x4 ./src/main.o
 .bss.__malloc_sbrk_start
                0x20000110        0x4 d:/iti_9m_diploma/arm_iti/tools/arm gcc/bin/../lib/gcc/arm-none-eabi/5.4.1/../../../../arm-none-eabi/lib/armv7e-m\libg_nano.a(lib_a-nano-mallocr.o)
                0x20000110                __malloc_sbrk_start
 .bss.__malloc_free_list
                0x20000114        0x4 d:/iti_9m_diploma/arm_iti/tools/arm gcc/bin/../lib/gcc/arm-none-eabi/5.4.1/../../../../arm-none-eabi/lib/armv7e-m\libg_nano.a(lib_a-nano-mallocr.o)
                0x20000114                __malloc_free_list
 *(COMMON)
 COMMON         0x20000118        0x4 ./system/src/newlib/_syscalls.o
                0x20000118                errno
 *(.bss_end .bss_end.*)
 .bss_end       0x2000011c        0x4 ./system/src/newlib/_startup.o
                0x20000120                . = ALIGN (0x4)
                0x20000120                __bss_end__ = .
                0x20000120                _ebss = .

.noinit_CCMRAM
 *(.noinit.CCMRAM .noinit.CCMRAM.*)

.noinit         0x20000120        0x0
                0x20000120                _noinit = .
 *(.noinit .noinit.*)
                0x20000120                . = ALIGN (0x4)
                0x20000120                _end_noinit = .
                [!provide]                PROVIDE (end, _end_noinit)
                [!provide]                PROVIDE (_end, _end_noinit)
                [!provide]                PROVIDE (__end, _end_noinit)
                [!provide]                PROVIDE (__end__, _end_noinit)

._check_stack   0x20000120      0x100
                0x20000220                . = (. + _Minimum_Stack_Size)
 *fill*         0x20000120      0x100 

.b1text
 *(.b1text)
 *(.b1rodata)
 *(.b1rodata.*)

.eb0text
 *(.eb0text)
 *(.eb0rodata)
 *(.eb0rodata.*)

.eb1text
 *(.eb1text)
 *(.eb1rodata)
 *(.eb1rodata.*)

.eb2text
 *(.eb2text)
 *(.eb2rodata)
 *(.eb2rodata.*)

.eb3text
 *(.eb3text)
 *(.eb3rodata)
 *(.eb3rodata.*)

.stab
 *(.stab)

.stabstr
 *(.stabstr)

.stab.excl
 *(.stab.excl)

.stab.exclstr
 *(.stab.exclstr)

.stab.index
 *(.stab.index)

.stab.indexstr
 *(.stab.indexstr)

.comment        0x00000000       0x6e
 *(.comment)
 .comment       0x00000000       0x6e ./system/src/newlib/_exit.o
                                 0x6f (size before relaxing)
 .comment       0x0000006e       0x6f ./system/src/newlib/_sbrk.o
 .comment       0x0000006e       0x6f ./system/src/newlib/_startup.o
 .comment       0x0000006e       0x6f ./system/src/newlib/_syscalls.o
 .comment       0x0000006e       0x6f ./system/src/diag/Trace.o
 .comment       0x0000006e       0x6f ./system/src/diag/trace_impl.o
 .comment       0x0000006e       0x6f ./system/src/cortexm/_initialize_hardware.o
 .comment       0x0000006e       0x6f ./system/src/cortexm/exception_handlers.o
 .comment       0x0000006e       0x6f ./system/src/cmsis/system_stm32f4xx.o
 .comment       0x0000006e       0x6f ./system/src/cmsis/vectors_stm32f401xc.o
 .comment       0x0000006e       0x6f ./src/main.o
 .comment       0x0000006e       0x6f ./src/print.o

.ARM.attributes
                0x00000000       0x31
 .ARM.attributes
                0x00000000       0x33 ./system/src/newlib/_exit.o
 .ARM.attributes
                0x00000033       0x33 ./system/src/newlib/_sbrk.o
 .ARM.attributes
                0x00000066       0x33 ./system/src/newlib/_startup.o
 .ARM.attributes
                0x00000099       0x33 ./system/src/newlib/_syscalls.o
 .ARM.attributes
                0x000000cc       0x33 ./system/src/diag/Trace.o
 .ARM.attributes
                0x000000ff       0x33 ./system/src/diag/trace_impl.o
 .ARM.attributes
                0x00000132       0x33 ./system/src/cortexm/_initialize_hardware.o
 .ARM.attributes
                0x00000165       0x33 ./system/src/cortexm/exception_handlers.o
 .ARM.attributes
                0x00000198       0x33 ./system/src/cmsis/system_stm32f4xx.o
 .ARM.attributes
                0x000001cb       0x33 ./system/src/cmsis/vectors_stm32f401xc.o
 .ARM.attributes
                0x000001fe       0x33 ./src/main.o
 .ARM.attributes
                0x00000231       0x33 ./src/print.o
 .ARM.attributes
                0x00000264       0x2e d:/iti_9m_diploma/arm_iti/tools/arm gcc/bin/../lib/gcc/arm-none-eabi/5.4.1/../../../../arm-none-eabi/lib/armv7e-m\libg_nano.a(lib_a-errno.o)
 .ARM.attributes
                0x00000292       0x2e d:/iti_9m_diploma/arm_iti/tools/arm gcc/bin/../lib/gcc/arm-none-eabi/5.4.1/../../../../arm-none-eabi/lib/armv7e-m\libg_nano.a(lib_a-impure.o)
 .ARM.attributes
                0x000002c0       0x2e d:/iti_9m_diploma/arm_iti/tools/arm gcc/bin/../lib/gcc/arm-none-eabi/5.4.1/../../../../arm-none-eabi/lib/armv7e-m\libg_nano.a(lib_a-vsnprintf.o)
 .ARM.attributes
                0x000002ee       0x2e d:/iti_9m_diploma/arm_iti/tools/arm gcc/bin/../lib/gcc/arm-none-eabi/5.4.1/../../../../arm-none-eabi/lib/armv7e-m\libg_nano.a(lib_a-nano-svfprintf.o)
 .ARM.attributes
                0x0000031c       0x2e d:/iti_9m_diploma/arm_iti/tools/arm gcc/bin/../lib/gcc/arm-none-eabi/5.4.1/../../../../arm-none-eabi/lib/armv7e-m\libg_nano.a(lib_a-nano-vfprintf_i.o)
 .ARM.attributes
                0x0000034a       0x1c d:/iti_9m_diploma/arm_iti/tools/arm gcc/bin/../lib/gcc/arm-none-eabi/5.4.1/../../../../arm-none-eabi/lib/armv7e-m\libg_nano.a(lib_a-memchr.o)
 .ARM.attributes
                0x00000366       0x2e d:/iti_9m_diploma/arm_iti/tools/arm gcc/bin/../lib/gcc/arm-none-eabi/5.4.1/../../../../arm-none-eabi/lib/armv7e-m\libg_nano.a(lib_a-memcpy-stub.o)
 .ARM.attributes
                0x00000394       0x2e d:/iti_9m_diploma/arm_iti/tools/arm gcc/bin/../lib/gcc/arm-none-eabi/5.4.1/../../../../arm-none-eabi/lib/armv7e-m\libg_nano.a(lib_a-memmove.o)
 .ARM.attributes
                0x000003c2       0x2e d:/iti_9m_diploma/arm_iti/tools/arm gcc/bin/../lib/gcc/arm-none-eabi/5.4.1/../../../../arm-none-eabi/lib/armv7e-m\libg_nano.a(lib_a-nano-freer.o)
 .ARM.attributes
                0x000003f0       0x2e d:/iti_9m_diploma/arm_iti/tools/arm gcc/bin/../lib/gcc/arm-none-eabi/5.4.1/../../../../arm-none-eabi/lib/armv7e-m\libg_nano.a(lib_a-nano-mallocr.o)
 .ARM.attributes
                0x0000041e       0x2e d:/iti_9m_diploma/arm_iti/tools/arm gcc/bin/../lib/gcc/arm-none-eabi/5.4.1/../../../../arm-none-eabi/lib/armv7e-m\libg_nano.a(lib_a-nano-reallocr.o)
 .ARM.attributes
                0x0000044c       0x2e d:/iti_9m_diploma/arm_iti/tools/arm gcc/bin/../lib/gcc/arm-none-eabi/5.4.1/../../../../arm-none-eabi/lib/armv7e-m\libg_nano.a(lib_a-sbrkr.o)
 .ARM.attributes
                0x0000047a       0x2e d:/iti_9m_diploma/arm_iti/tools/arm gcc/bin/../lib/gcc/arm-none-eabi/5.4.1/../../../../arm-none-eabi/lib/armv7e-m\libg_nano.a(lib_a-mlock.o)
 .ARM.attributes
                0x000004a8       0x2e d:/iti_9m_diploma/arm_iti/tools/arm gcc/bin/../lib/gcc/arm-none-eabi/5.4.1/../../../../arm-none-eabi/lib/armv7e-m\libg_nano.a(lib_a-nano-msizer.o)

.debug
 *(.debug)

.line
 *(.line)

.debug_srcinfo
 *(.debug_srcinfo)

.debug_sfnames
 *(.debug_sfnames)

.debug_aranges  0x00000000      0x260
 *(.debug_aranges)
 .debug_aranges
                0x00000000       0x28 ./system/src/newlib/_exit.o
 .debug_aranges
                0x00000028       0x20 ./system/src/newlib/_sbrk.o
 .debug_aranges
                0x00000048       0x40 ./system/src/newlib/_startup.o
 .debug_aranges
                0x00000088       0x30 ./system/src/newlib/_syscalls.o
 .debug_aranges
                0x000000b8       0x38 ./system/src/diag/Trace.o
 .debug_aranges
                0x000000f0       0x30 ./system/src/diag/trace_impl.o
 .debug_aranges
                0x00000120       0x28 ./system/src/cortexm/_initialize_hardware.o
 .debug_aranges
                0x00000148       0x90 ./system/src/cortexm/exception_handlers.o
 .debug_aranges
                0x000001d8       0x28 ./system/src/cmsis/system_stm32f4xx.o
 .debug_aranges
                0x00000200       0x20 ./system/src/cmsis/vectors_stm32f401xc.o
 .debug_aranges
                0x00000220       0x20 ./src/main.o
 .debug_aranges
                0x00000240       0x20 ./src/print.o

.debug_pubnames
 *(.debug_pubnames)

.debug_info     0x00000000     0x2278
 *(.debug_info .gnu.linkonce.wi.*)
 .debug_info    0x00000000       0xef ./system/src/newlib/_exit.o
 .debug_info    0x000000ef      0x11f ./system/src/newlib/_sbrk.o
 .debug_info    0x0000020e      0x4f0 ./system/src/newlib/_startup.o
 .debug_info    0x000006fe      0x1c7 ./system/src/newlib/_syscalls.o
 .debug_info    0x000008c5      0x2e7 ./system/src/diag/Trace.o
 .debug_info    0x00000bac      0x30b ./system/src/diag/trace_impl.o
 .debug_info    0x00000eb7      0x2bf ./system/src/cortexm/_initialize_hardware.o
 .debug_info    0x00001176      0x8f4 ./system/src/cortexm/exception_handlers.o
 .debug_info    0x00001a6a      0x4e3 ./system/src/cmsis/system_stm32f4xx.o
 .debug_info    0x00001f4d       0xd1 ./system/src/cmsis/vectors_stm32f401xc.o
 .debug_info    0x0000201e      0x171 ./src/main.o
 .debug_info    0x0000218f       0xe9 ./src/print.o

.debug_abbrev   0x00000000      0xd52
 *(.debug_abbrev)
 .debug_abbrev  0x00000000       0x8e ./system/src/newlib/_exit.o
 .debug_abbrev  0x0000008e       0xb9 ./system/src/newlib/_sbrk.o
 .debug_abbrev  0x00000147      0x1b6 ./system/src/newlib/_startup.o
 .debug_abbrev  0x000002fd       0xec ./system/src/newlib/_syscalls.o
 .debug_abbrev  0x000003e9      0x156 ./system/src/diag/Trace.o
 .debug_abbrev  0x0000053f      0x1c8 ./system/src/diag/trace_impl.o
 .debug_abbrev  0x00000707       0xea ./system/src/cortexm/_initialize_hardware.o
 .debug_abbrev  0x000007f1      0x247 ./system/src/cortexm/exception_handlers.o
 .debug_abbrev  0x00000a38      0x104 ./system/src/cmsis/system_stm32f4xx.o
 .debug_abbrev  0x00000b3c       0x9d ./system/src/cmsis/vectors_stm32f401xc.o
 .debug_abbrev  0x00000bd9       0xde ./src/main.o
 .debug_abbrev  0x00000cb7       0x9b ./src/print.o

.debug_line     0x00000000     0x3dcf
 *(.debug_line)
 .debug_line    0x00000000      0x2f9 ./system/src/newlib/_exit.o
 .debug_line    0x000002f9      0x2aa ./system/src/newlib/_sbrk.o
 .debug_line    0x000005a3      0x365 ./system/src/newlib/_startup.o
 .debug_line    0x00000908      0x3b4 ./system/src/newlib/_syscalls.o
 .debug_line    0x00000cbc      0x367 ./system/src/diag/Trace.o
 .debug_line    0x00001023      0xa66 ./system/src/diag/trace_impl.o
 .debug_line    0x00001a89      0x9ce ./system/src/cortexm/_initialize_hardware.o
 .debug_line    0x00002457      0xb04 ./system/src/cortexm/exception_handlers.o
 .debug_line    0x00002f5b      0x9ce ./system/src/cmsis/system_stm32f4xx.o
 .debug_line    0x00003929       0xf4 ./system/src/cmsis/vectors_stm32f401xc.o
 .debug_line    0x00003a1d       0xbf ./src/main.o
 .debug_line    0x00003adc      0x2f3 ./src/print.o

.debug_frame    0x00000000      0x71c
 *(.debug_frame)
 .debug_frame   0x00000000       0x38 ./system/src/newlib/_exit.o
 .debug_frame   0x00000038       0x28 ./system/src/newlib/_sbrk.o
 .debug_frame   0x00000060       0x7c ./system/src/newlib/_startup.o
 .debug_frame   0x000000dc       0x50 ./system/src/newlib/_syscalls.o
 .debug_frame   0x0000012c       0x94 ./system/src/diag/Trace.o
 .debug_frame   0x000001c0       0x60 ./system/src/diag/trace_impl.o
 .debug_frame   0x00000220       0x40 ./system/src/cortexm/_initialize_hardware.o
 .debug_frame   0x00000260      0x158 ./system/src/cortexm/exception_handlers.o
 .debug_frame   0x000003b8       0x30 ./system/src/cmsis/system_stm32f4xx.o
 .debug_frame   0x000003e8       0x20 ./system/src/cmsis/vectors_stm32f401xc.o
 .debug_frame   0x00000408       0x28 ./src/main.o
 .debug_frame   0x00000430       0x28 ./src/print.o
 .debug_frame   0x00000458       0x20 d:/iti_9m_diploma/arm_iti/tools/arm gcc/bin/../lib/gcc/arm-none-eabi/5.4.1/../../../../arm-none-eabi/lib/armv7e-m\libg_nano.a(lib_a-errno.o)
 .debug_frame   0x00000478       0x48 d:/iti_9m_diploma/arm_iti/tools/arm gcc/bin/../lib/gcc/arm-none-eabi/5.4.1/../../../../arm-none-eabi/lib/armv7e-m\libg_nano.a(lib_a-vsnprintf.o)
 .debug_frame   0x000004c0       0x90 d:/iti_9m_diploma/arm_iti/tools/arm gcc/bin/../lib/gcc/arm-none-eabi/5.4.1/../../../../arm-none-eabi/lib/armv7e-m\libg_nano.a(lib_a-nano-svfprintf.o)
 .debug_frame   0x00000550       0x60 d:/iti_9m_diploma/arm_iti/tools/arm gcc/bin/../lib/gcc/arm-none-eabi/5.4.1/../../../../arm-none-eabi/lib/armv7e-m\libg_nano.a(lib_a-nano-vfprintf_i.o)
 .debug_frame   0x000005b0       0x28 d:/iti_9m_diploma/arm_iti/tools/arm gcc/bin/../lib/gcc/arm-none-eabi/5.4.1/../../../../arm-none-eabi/lib/armv7e-m\libg_nano.a(lib_a-memcpy-stub.o)
 .debug_frame   0x000005d8       0x28 d:/iti_9m_diploma/arm_iti/tools/arm gcc/bin/../lib/gcc/arm-none-eabi/5.4.1/../../../../arm-none-eabi/lib/armv7e-m\libg_nano.a(lib_a-memmove.o)
 .debug_frame   0x00000600       0x38 d:/iti_9m_diploma/arm_iti/tools/arm gcc/bin/../lib/gcc/arm-none-eabi/5.4.1/../../../../arm-none-eabi/lib/armv7e-m\libg_nano.a(lib_a-nano-freer.o)
 .debug_frame   0x00000638       0x2c d:/iti_9m_diploma/arm_iti/tools/arm gcc/bin/../lib/gcc/arm-none-eabi/5.4.1/../../../../arm-none-eabi/lib/armv7e-m\libg_nano.a(lib_a-nano-mallocr.o)
 .debug_frame   0x00000664       0x3c d:/iti_9m_diploma/arm_iti/tools/arm gcc/bin/../lib/gcc/arm-none-eabi/5.4.1/../../../../arm-none-eabi/lib/armv7e-m\libg_nano.a(lib_a-nano-reallocr.o)
 .debug_frame   0x000006a0       0x2c d:/iti_9m_diploma/arm_iti/tools/arm gcc/bin/../lib/gcc/arm-none-eabi/5.4.1/../../../../arm-none-eabi/lib/armv7e-m\libg_nano.a(lib_a-sbrkr.o)
 .debug_frame   0x000006cc       0x30 d:/iti_9m_diploma/arm_iti/tools/arm gcc/bin/../lib/gcc/arm-none-eabi/5.4.1/../../../../arm-none-eabi/lib/armv7e-m\libg_nano.a(lib_a-mlock.o)
 .debug_frame   0x000006fc       0x20 d:/iti_9m_diploma/arm_iti/tools/arm gcc/bin/../lib/gcc/arm-none-eabi/5.4.1/../../../../arm-none-eabi/lib/armv7e-m\libg_nano.a(lib_a-nano-msizer.o)

.debug_str      0x00000000    0x713f1
 *(.debug_str)
 .debug_str     0x00000000     0x6d70 ./system/src/newlib/_exit.o
                               0x6ee2 (size before relaxing)
 .debug_str     0x00006d70      0x4de ./system/src/newlib/_sbrk.o
                               0x62cd (size before relaxing)
 .debug_str     0x0000724e      0xc22 ./system/src/newlib/_startup.o
                               0x5eea (size before relaxing)
 .debug_str     0x00007e70      0xe18 ./system/src/newlib/_syscalls.o
                               0x712d (size before relaxing)
 .debug_str     0x00008c88      0x890 ./system/src/diag/Trace.o
                               0x76d2 (size before relaxing)
 .debug_str     0x00009518    0x67a24 ./system/src/diag/trace_impl.o
                              0x6f9e8 (size before relaxing)
 .debug_str     0x00070f3c       0xc4 ./system/src/cortexm/_initialize_hardware.o
                              0x6e7c9 (size before relaxing)
 .debug_str     0x00071000      0x1a6 ./system/src/cortexm/exception_handlers.o
                              0x6fb72 (size before relaxing)
 .debug_str     0x000711a6      0x174 ./system/src/cmsis/system_stm32f4xx.o
                              0x6e8ba (size before relaxing)
 .debug_str     0x0007131a       0x59 ./system/src/cmsis/vectors_stm32f401xc.o
                               0x309f (size before relaxing)
 .debug_str     0x00071373       0x64 ./src/main.o
                               0x307a (size before relaxing)
 .debug_str     0x000713d7       0x1a ./src/print.o
                               0x7f4e (size before relaxing)

.debug_loc      0x00000000      0xac0
 *(.debug_loc)
 .debug_loc     0x00000000       0x82 ./system/src/newlib/_sbrk.o
 .debug_loc     0x00000082      0x320 ./system/src/newlib/_startup.o
 .debug_loc     0x000003a2       0x63 ./system/src/newlib/_syscalls.o
 .debug_loc     0x00000405      0x102 ./system/src/diag/Trace.o
 .debug_loc     0x00000507      0x17c ./system/src/diag/trace_impl.o
 .debug_loc     0x00000683      0x2a8 ./system/src/cortexm/exception_handlers.o
 .debug_loc     0x0000092b      0x132 ./system/src/cmsis/system_stm32f4xx.o
 .debug_loc     0x00000a5d       0x42 ./src/main.o
 .debug_loc     0x00000a9f       0x21 ./src/print.o

.debug_macinfo
 *(.debug_macinfo)

.debug_weaknames
 *(.debug_weaknames)

.debug_funcnames
 *(.debug_funcnames)

.debug_typenames
 *(.debug_typenames)

.debug_varnames
 *(.debug_varnames)
OUTPUT(Linker_Script.elf elf32-littlearm)

.debug_ranges   0x00000000      0x1d0
 .debug_ranges  0x00000000       0x18 ./system/src/newlib/_exit.o
 .debug_ranges  0x00000018       0x10 ./system/src/newlib/_sbrk.o
 .debug_ranges  0x00000028       0x30 ./system/src/newlib/_startup.o
 .debug_ranges  0x00000058       0x20 ./system/src/newlib/_syscalls.o
 .debug_ranges  0x00000078       0x28 ./system/src/diag/Trace.o
 .debug_ranges  0x000000a0       0x38 ./system/src/diag/trace_impl.o
 .debug_ranges  0x000000d8       0x18 ./system/src/cortexm/_initialize_hardware.o
 .debug_ranges  0x000000f0       0x98 ./system/src/cortexm/exception_handlers.o
 .debug_ranges  0x00000188       0x18 ./system/src/cmsis/system_stm32f4xx.o
 .debug_ranges  0x000001a0       0x10 ./system/src/cmsis/vectors_stm32f401xc.o
 .debug_ranges  0x000001b0       0x10 ./src/main.o
 .debug_ranges  0x000001c0       0x10 ./src/print.o

.debug_macro    0x00000000    0x12a36
 .debug_macro   0x00000000      0x19c ./system/src/newlib/_exit.o
 .debug_macro   0x0000019c      0x898 ./system/src/newlib/_exit.o
 .debug_macro   0x00000a34       0x9c ./system/src/newlib/_exit.o
 .debug_macro   0x00000ad0      0x10e ./system/src/newlib/_exit.o
 .debug_macro   0x00000bde       0x8d ./system/src/newlib/_exit.o
 .debug_macro   0x00000c6b       0x43 ./system/src/newlib/_exit.o
 .debug_macro   0x00000cae      0x30d ./system/src/newlib/_exit.o
 .debug_macro   0x00000fbb       0x35 ./system/src/newlib/_exit.o
 .debug_macro   0x00000ff0      0x151 ./system/src/newlib/_sbrk.o
 .debug_macro   0x00001141      0x174 ./system/src/newlib/_sbrk.o
 .debug_macro   0x000012b5       0x10 ./system/src/newlib/_sbrk.o
 .debug_macro   0x000012c5      0x23b ./system/src/newlib/_sbrk.o
 .debug_macro   0x00001500      0x15b ./system/src/newlib/_startup.o
 .debug_macro   0x0000165b      0x89e ./system/src/newlib/_startup.o
 .debug_macro   0x00001ef9      0x34e ./system/src/newlib/_startup.o
 .debug_macro   0x00002247      0x1ff ./system/src/newlib/_syscalls.o
 .debug_macro   0x00002446       0x1c ./system/src/newlib/_syscalls.o
 .debug_macro   0x00002462       0x10 ./system/src/newlib/_syscalls.o
 .debug_macro   0x00002472       0x10 ./system/src/newlib/_syscalls.o
 .debug_macro   0x00002482       0x10 ./system/src/newlib/_syscalls.o
 .debug_macro   0x00002492       0x35 ./system/src/newlib/_syscalls.o
 .debug_macro   0x000024c7      0x122 ./system/src/newlib/_syscalls.o
 .debug_macro   0x000025e9       0x88 ./system/src/newlib/_syscalls.o
 .debug_macro   0x00002671       0x2b ./system/src/newlib/_syscalls.o
 .debug_macro   0x0000269c      0x118 ./system/src/newlib/_syscalls.o
 .debug_macro   0x000027b4      0x159 ./system/src/newlib/_syscalls.o
 .debug_macro   0x0000290d       0x16 ./system/src/newlib/_syscalls.o
 .debug_macro   0x00002923      0x1d9 ./system/src/diag/Trace.o
 .debug_macro   0x00002afc       0x16 ./system/src/diag/Trace.o
 .debug_macro   0x00002b12       0x97 ./system/src/diag/Trace.o
 .debug_macro   0x00002ba9       0xfd ./system/src/diag/Trace.o
 .debug_macro   0x00002ca6       0x10 ./system/src/diag/Trace.o
 .debug_macro   0x00002cb6       0x16 ./system/src/diag/Trace.o
 .debug_macro   0x00002ccc      0x18b ./system/src/diag/Trace.o
 .debug_macro   0x00002e57       0x4c ./system/src/diag/Trace.o
 .debug_macro   0x00002ea3       0x16 ./system/src/diag/Trace.o
 .debug_macro   0x00002eb9      0x512 ./system/src/diag/trace_impl.o
 .debug_macro   0x000033cb       0x31 ./system/src/diag/trace_impl.o
 .debug_macro   0x000033fc       0x28 ./system/src/diag/trace_impl.o
 .debug_macro   0x00003424       0x35 ./system/src/diag/trace_impl.o
 .debug_macro   0x00003459       0x50 ./system/src/diag/trace_impl.o
 .debug_macro   0x000034a9      0xe66 ./system/src/diag/trace_impl.o
 .debug_macro   0x0000430f     0x5099 ./system/src/diag/trace_impl.o
 .debug_macro   0x000093a8       0x43 ./system/src/diag/trace_impl.o
 .debug_macro   0x000093eb      0x289 ./system/src/diag/trace_impl.o
 .debug_macro   0x00009674     0x347f ./system/src/diag/trace_impl.o
 .debug_macro   0x0000caf3       0x57 ./system/src/diag/trace_impl.o
 .debug_macro   0x0000cb4a      0x424 ./system/src/diag/trace_impl.o
 .debug_macro   0x0000cf6e      0x9e1 ./system/src/diag/trace_impl.o
 .debug_macro   0x0000d94f      0x11e ./system/src/diag/trace_impl.o
 .debug_macro   0x0000da6d       0xf8 ./system/src/diag/trace_impl.o
 .debug_macro   0x0000db65       0x27 ./system/src/diag/trace_impl.o
 .debug_macro   0x0000db8c      0x287 ./system/src/diag/trace_impl.o
 .debug_macro   0x0000de13       0x5f ./system/src/diag/trace_impl.o
 .debug_macro   0x0000de72      0x23a ./system/src/diag/trace_impl.o
 .debug_macro   0x0000e0ac      0x391 ./system/src/diag/trace_impl.o
 .debug_macro   0x0000e43d      0x16f ./system/src/diag/trace_impl.o
 .debug_macro   0x0000e5ac       0xf9 ./system/src/diag/trace_impl.o
 .debug_macro   0x0000e6a5       0x23 ./system/src/diag/trace_impl.o
 .debug_macro   0x0000e6c8      0x13a ./system/src/diag/trace_impl.o
 .debug_macro   0x0000e802      0x23a ./system/src/diag/trace_impl.o
 .debug_macro   0x0000ea3c       0x2e ./system/src/diag/trace_impl.o
 .debug_macro   0x0000ea6a      0x1a7 ./system/src/diag/trace_impl.o
 .debug_macro   0x0000ec11       0x22 ./system/src/diag/trace_impl.o
 .debug_macro   0x0000ec33       0xa5 ./system/src/diag/trace_impl.o
 .debug_macro   0x0000ecd8      0x18b ./system/src/diag/trace_impl.o
 .debug_macro   0x0000ee63       0x24 ./system/src/diag/trace_impl.o
 .debug_macro   0x0000ee87       0x35 ./system/src/diag/trace_impl.o
 .debug_macro   0x0000eebc       0x79 ./system/src/diag/trace_impl.o
 .debug_macro   0x0000ef35      0x11e ./system/src/diag/trace_impl.o
 .debug_macro   0x0000f053       0x85 ./system/src/diag/trace_impl.o
 .debug_macro   0x0000f0d8       0x89 ./system/src/diag/trace_impl.o
 .debug_macro   0x0000f161      0x31a ./system/src/diag/trace_impl.o
 .debug_macro   0x0000f47b      0x409 ./system/src/diag/trace_impl.o
 .debug_macro   0x0000f884       0xe4 ./system/src/diag/trace_impl.o
 .debug_macro   0x0000f968      0x48d ./system/src/diag/trace_impl.o
 .debug_macro   0x0000fdf5      0x22b ./system/src/diag/trace_impl.o
 .debug_macro   0x00010020      0x202 ./system/src/diag/trace_impl.o
 .debug_macro   0x00010222      0x6d9 ./system/src/diag/trace_impl.o
 .debug_macro   0x000108fb       0x5b ./system/src/diag/trace_impl.o
 .debug_macro   0x00010956      0x14d ./system/src/diag/trace_impl.o
 .debug_macro   0x00010aa3      0x287 ./system/src/diag/trace_impl.o
 .debug_macro   0x00010d2a      0x225 ./system/src/diag/trace_impl.o
 .debug_macro   0x00010f4f      0x1b5 ./system/src/diag/trace_impl.o
 .debug_macro   0x00011104      0x2db ./system/src/diag/trace_impl.o
 .debug_macro   0x000113df       0x89 ./system/src/diag/trace_impl.o
 .debug_macro   0x00011468      0x1df ./system/src/diag/trace_impl.o
 .debug_macro   0x00011647      0x115 ./system/src/diag/trace_impl.o
 .debug_macro   0x0001175c       0x6e ./system/src/diag/trace_impl.o
 .debug_macro   0x000117ca      0x11e ./system/src/diag/trace_impl.o
 .debug_macro   0x000118e8       0x22 ./system/src/diag/trace_impl.o
 .debug_macro   0x0001190a      0x4d6 ./system/src/cortexm/_initialize_hardware.o
 .debug_macro   0x00011de0      0x535 ./system/src/cortexm/exception_handlers.o
 .debug_macro   0x00012315       0x3b ./system/src/cortexm/exception_handlers.o
 .debug_macro   0x00012350      0x4d2 ./system/src/cmsis/system_stm32f4xx.o
 .debug_macro   0x00012822       0x34 ./system/src/cmsis/vectors_stm32f401xc.o
 .debug_macro   0x00012856       0x24 ./src/main.o
 .debug_macro   0x0001287a      0x1bc ./src/print.o
